// Jest Snapshot v1, https://goo.gl/fbAQLP

exports[`Delete movie renders correctly 1`] = `
<p
  class="MuiTypography-root MuiTypography-body1"
>
  Are you really want to delete this movie?
</p>
`;
