// Jest Snapshot v1, https://goo.gl/fbAQLP

exports[`Films list renders correctly 1`] = `
<div
  class="MuiGrid-root MuiGrid-container"
>
  <div
    class="MuiGrid-root MuiGrid-container MuiGrid-item MuiGrid-grid-xs-12"
  >
    <div
      class="MuiGrid-root MuiGrid-item MuiGrid-grid-xs-3"
    >
      <div
        class="MuiPaper-root MuiCard-root makeStyles-card-1 MuiPaper-elevation1 MuiPaper-rounded"
      >
        <div
          class="MuiCardHeader-root"
        >
          <div
            class="MuiCardHeader-content"
          >
            <span
              class="MuiTypography-root MuiCardHeader-title makeStyles-cardHeaderTitle-2 MuiTypography-h5 MuiTypography-displayBlock"
            >
              some title1
            </span>
          </div>
          <div
            class="MuiCardHeader-action"
          >
            <button
              aria-haspopup="true"
              aria-label="settings"
              class="MuiButtonBase-root MuiIconButton-root MuiIconButton-colorInherit"
              tabindex="0"
              type="button"
            >
              <span
                class="MuiIconButton-label"
              >
                <svg
                  aria-hidden="true"
                  class="MuiSvgIcon-root"
                  focusable="false"
                  viewBox="0 0 24 24"
                >
                  <path
                    d="M12 8c1.1 0 2-.9 2-2s-.9-2-2-2-2 .9-2 2 .9 2 2 2zm0 2c-1.1 0-2 .9-2 2s.9 2 2 2 2-.9 2-2-.9-2-2-2zm0 6c-1.1 0-2 .9-2 2s.9 2 2 2 2-.9 2-2-.9-2-2-2z"
                  />
                </svg>
              </span>
              <span
                class="MuiTouchRipple-root"
              />
            </button>
          </div>
        </div>
        <div
          class="MuiCardMedia-root makeStyles-media-6"
          title="Contemplative Reptile"
        />
        <div
          class="MuiCardContent-root"
        >
          <div
            class="makeStyles-description-9"
          >
            <p
              class="MuiTypography-root MuiTypography-body2"
            >
              some text1
            </p>
          </div>
          <p
            class="MuiTypography-root MuiTypography-body2"
          >
            Genres: 
            Documentary,Comedy
          </p>
          <p
            class="MuiTypography-root MuiTypography-body2"
          >
            Release date: 
            2021-01-01
          </p>
          <p
            class="MuiTypography-root MuiTypography-body2"
          >
            Avg vote: 
          </p>
          <p
            class="MuiTypography-root MuiTypography-body2"
          >
            Budget: 
          </p>
        </div>
      </div>
    </div>
    <div
      class="MuiGrid-root MuiGrid-item MuiGrid-grid-xs-3"
    >
      <div
        class="MuiPaper-root MuiCard-root makeStyles-card-1 MuiPaper-elevation1 MuiPaper-rounded"
      >
        <div
          class="MuiCardHeader-root"
        >
          <div
            class="MuiCardHeader-content"
          >
            <span
              class="MuiTypography-root MuiCardHeader-title makeStyles-cardHeaderTitle-2 MuiTypography-h5 MuiTypography-displayBlock"
            >
              some title2
            </span>
          </div>
          <div
            class="MuiCardHeader-action"
          >
            <button
              aria-haspopup="true"
              aria-label="settings"
              class="MuiButtonBase-root MuiIconButton-root MuiIconButton-colorInherit"
              tabindex="0"
              type="button"
            >
              <span
                class="MuiIconButton-label"
              >
                <svg
                  aria-hidden="true"
                  class="MuiSvgIcon-root"
                  focusable="false"
                  viewBox="0 0 24 24"
                >
                  <path
                    d="M12 8c1.1 0 2-.9 2-2s-.9-2-2-2-2 .9-2 2 .9 2 2 2zm0 2c-1.1 0-2 .9-2 2s.9 2 2 2 2-.9 2-2-.9-2-2-2zm0 6c-1.1 0-2 .9-2 2s.9 2 2 2 2-.9 2-2-.9-2-2-2z"
                  />
                </svg>
              </span>
              <span
                class="MuiTouchRipple-root"
              />
            </button>
          </div>
        </div>
        <div
          class="MuiCardMedia-root makeStyles-media-6"
          title="Contemplative Reptile"
        />
        <div
          class="MuiCardContent-root"
        >
          <div
            class="makeStyles-description-9"
          >
            <p
              class="MuiTypography-root MuiTypography-body2"
            >
              some text2
            </p>
          </div>
          <p
            class="MuiTypography-root MuiTypography-body2"
          >
            Genres: 
            Documentary
          </p>
          <p
            class="MuiTypography-root MuiTypography-body2"
          >
            Release date: 
            2021-01-02
          </p>
          <p
            class="MuiTypography-root MuiTypography-body2"
          >
            Avg vote: 
          </p>
          <p
            class="MuiTypography-root MuiTypography-body2"
          >
            Budget: 
          </p>
        </div>
      </div>
    </div>
    <div
      class="MuiGrid-root MuiGrid-item MuiGrid-grid-xs-3"
    >
      <div
        class="MuiPaper-root MuiCard-root makeStyles-card-1 MuiPaper-elevation1 MuiPaper-rounded"
      >
        <div
          class="MuiCardHeader-root"
        >
          <div
            class="MuiCardHeader-content"
          >
            <span
              class="MuiTypography-root MuiCardHeader-title makeStyles-cardHeaderTitle-2 MuiTypography-h5 MuiTypography-displayBlock"
            >
              some title3
            </span>
          </div>
          <div
            class="MuiCardHeader-action"
          >
            <button
              aria-haspopup="true"
              aria-label="settings"
              class="MuiButtonBase-root MuiIconButton-root MuiIconButton-colorInherit"
              tabindex="0"
              type="button"
            >
              <span
                class="MuiIconButton-label"
              >
                <svg
                  aria-hidden="true"
                  class="MuiSvgIcon-root"
                  focusable="false"
                  viewBox="0 0 24 24"
                >
                  <path
                    d="M12 8c1.1 0 2-.9 2-2s-.9-2-2-2-2 .9-2 2 .9 2 2 2zm0 2c-1.1 0-2 .9-2 2s.9 2 2 2 2-.9 2-2-.9-2-2-2zm0 6c-1.1 0-2 .9-2 2s.9 2 2 2 2-.9 2-2-.9-2-2-2z"
                  />
                </svg>
              </span>
              <span
                class="MuiTouchRipple-root"
              />
            </button>
          </div>
        </div>
        <div
          class="MuiCardMedia-root makeStyles-media-6"
          title="Contemplative Reptile"
        />
        <div
          class="MuiCardContent-root"
        >
          <div
            class="makeStyles-description-9"
          >
            <p
              class="MuiTypography-root MuiTypography-body2"
            >
              some text3
            </p>
          </div>
          <p
            class="MuiTypography-root MuiTypography-body2"
          >
            Genres: 
            Documentary
          </p>
          <p
            class="MuiTypography-root MuiTypography-body2"
          >
            Release date: 
            2021-01-03
          </p>
          <p
            class="MuiTypography-root MuiTypography-body2"
          >
            Avg vote: 
          </p>
          <p
            class="MuiTypography-root MuiTypography-body2"
          >
            Budget: 
          </p>
        </div>
      </div>
    </div>
    <div
      class="MuiGrid-root MuiGrid-item MuiGrid-grid-xs-3"
    >
      <div
        class="MuiPaper-root MuiCard-root makeStyles-card-1 MuiPaper-elevation1 MuiPaper-rounded"
      >
        <div
          class="MuiCardHeader-root"
        >
          <div
            class="MuiCardHeader-content"
          >
            <span
              class="MuiTypography-root MuiCardHeader-title makeStyles-cardHeaderTitle-2 MuiTypography-h5 MuiTypography-displayBlock"
            >
              some title4
            </span>
          </div>
          <div
            class="MuiCardHeader-action"
          >
            <button
              aria-haspopup="true"
              aria-label="settings"
              class="MuiButtonBase-root MuiIconButton-root MuiIconButton-colorInherit"
              tabindex="0"
              type="button"
            >
              <span
                class="MuiIconButton-label"
              >
                <svg
                  aria-hidden="true"
                  class="MuiSvgIcon-root"
                  focusable="false"
                  viewBox="0 0 24 24"
                >
                  <path
                    d="M12 8c1.1 0 2-.9 2-2s-.9-2-2-2-2 .9-2 2 .9 2 2 2zm0 2c-1.1 0-2 .9-2 2s.9 2 2 2 2-.9 2-2-.9-2-2-2zm0 6c-1.1 0-2 .9-2 2s.9 2 2 2 2-.9 2-2-.9-2-2-2z"
                  />
                </svg>
              </span>
              <span
                class="MuiTouchRipple-root"
              />
            </button>
          </div>
        </div>
        <div
          class="MuiCardMedia-root makeStyles-media-6"
          title="Contemplative Reptile"
        />
        <div
          class="MuiCardContent-root"
        >
          <div
            class="makeStyles-description-9"
          >
            <p
              class="MuiTypography-root MuiTypography-body2"
            >
              some text4
            </p>
          </div>
          <p
            class="MuiTypography-root MuiTypography-body2"
          >
            Genres: 
            Documentary
          </p>
          <p
            class="MuiTypography-root MuiTypography-body2"
          >
            Release date: 
            2021-01-04
          </p>
          <p
            class="MuiTypography-root MuiTypography-body2"
          >
            Avg vote: 
          </p>
          <p
            class="MuiTypography-root MuiTypography-body2"
          >
            Budget: 
          </p>
        </div>
      </div>
    </div>
  </div>
  <div
    class="MuiGrid-root MuiGrid-container MuiGrid-item MuiGrid-grid-xs-12"
  >
    <div
      class="MuiGrid-root MuiGrid-item MuiGrid-grid-xs-3"
    >
      <div
        class="MuiPaper-root MuiCard-root makeStyles-card-1 MuiPaper-elevation1 MuiPaper-rounded"
      >
        <div
          class="MuiCardHeader-root"
        >
          <div
            class="MuiCardHeader-content"
          >
            <span
              class="MuiTypography-root MuiCardHeader-title makeStyles-cardHeaderTitle-2 MuiTypography-h5 MuiTypography-displayBlock"
            >
              some title5
            </span>
          </div>
          <div
            class="MuiCardHeader-action"
          >
            <button
              aria-haspopup="true"
              aria-label="settings"
              class="MuiButtonBase-root MuiIconButton-root MuiIconButton-colorInherit"
              tabindex="0"
              type="button"
            >
              <span
                class="MuiIconButton-label"
              >
                <svg
                  aria-hidden="true"
                  class="MuiSvgIcon-root"
                  focusable="false"
                  viewBox="0 0 24 24"
                >
                  <path
                    d="M12 8c1.1 0 2-.9 2-2s-.9-2-2-2-2 .9-2 2 .9 2 2 2zm0 2c-1.1 0-2 .9-2 2s.9 2 2 2 2-.9 2-2-.9-2-2-2zm0 6c-1.1 0-2 .9-2 2s.9 2 2 2 2-.9 2-2-.9-2-2-2z"
                  />
                </svg>
              </span>
              <span
                class="MuiTouchRipple-root"
              />
            </button>
          </div>
        </div>
        <div
          class="MuiCardMedia-root makeStyles-media-6"
          title="Contemplative Reptile"
        />
        <div
          class="MuiCardContent-root"
        >
          <div
            class="makeStyles-description-9"
          >
            <p
              class="MuiTypography-root MuiTypography-body2"
            >
              some text5
            </p>
          </div>
          <p
            class="MuiTypography-root MuiTypography-body2"
          >
            Genres: 
            Documentary
          </p>
          <p
            class="MuiTypography-root MuiTypography-body2"
          >
            Release date: 
            2021-01-05
          </p>
          <p
            class="MuiTypography-root MuiTypography-body2"
          >
            Avg vote: 
          </p>
          <p
            class="MuiTypography-root MuiTypography-body2"
          >
            Budget: 
          </p>
        </div>
      </div>
    </div>
    <div
      class="MuiGrid-root MuiGrid-item MuiGrid-grid-xs-3"
    >
      <div
        class="MuiPaper-root MuiCard-root makeStyles-card-1 MuiPaper-elevation1 MuiPaper-rounded"
      >
        <div
          class="MuiCardHeader-root"
        >
          <div
            class="MuiCardHeader-content"
          >
            <span
              class="MuiTypography-root MuiCardHeader-title makeStyles-cardHeaderTitle-2 MuiTypography-h5 MuiTypography-displayBlock"
            >
              some title6
            </span>
          </div>
          <div
            class="MuiCardHeader-action"
          >
            <button
              aria-haspopup="true"
              aria-label="settings"
              class="MuiButtonBase-root MuiIconButton-root MuiIconButton-colorInherit"
              tabindex="0"
              type="button"
            >
              <span
                class="MuiIconButton-label"
              >
                <svg
                  aria-hidden="true"
                  class="MuiSvgIcon-root"
                  focusable="false"
                  viewBox="0 0 24 24"
                >
                  <path
                    d="M12 8c1.1 0 2-.9 2-2s-.9-2-2-2-2 .9-2 2 .9 2 2 2zm0 2c-1.1 0-2 .9-2 2s.9 2 2 2 2-.9 2-2-.9-2-2-2zm0 6c-1.1 0-2 .9-2 2s.9 2 2 2 2-.9 2-2-.9-2-2-2z"
                  />
                </svg>
              </span>
              <span
                class="MuiTouchRipple-root"
              />
            </button>
          </div>
        </div>
        <div
          class="MuiCardMedia-root makeStyles-media-6"
          title="Contemplative Reptile"
        />
        <div
          class="MuiCardContent-root"
        >
          <div
            class="makeStyles-description-9"
          >
            <p
              class="MuiTypography-root MuiTypography-body2"
            >
              some text6
            </p>
          </div>
          <p
            class="MuiTypography-root MuiTypography-body2"
          >
            Genres: 
            Documentary
          </p>
          <p
            class="MuiTypography-root MuiTypography-body2"
          >
            Release date: 
            2021-01-06
          </p>
          <p
            class="MuiTypography-root MuiTypography-body2"
          >
            Avg vote: 
          </p>
          <p
            class="MuiTypography-root MuiTypography-body2"
          >
            Budget: 
          </p>
        </div>
      </div>
    </div>
    <div
      class="MuiGrid-root MuiGrid-item MuiGrid-grid-xs-3"
    >
      <div
        class="MuiPaper-root MuiCard-root makeStyles-card-1 MuiPaper-elevation1 MuiPaper-rounded"
      >
        <div
          class="MuiCardHeader-root"
        >
          <div
            class="MuiCardHeader-content"
          >
            <span
              class="MuiTypography-root MuiCardHeader-title makeStyles-cardHeaderTitle-2 MuiTypography-h5 MuiTypography-displayBlock"
            >
              some title7
            </span>
          </div>
          <div
            class="MuiCardHeader-action"
          >
            <button
              aria-haspopup="true"
              aria-label="settings"
              class="MuiButtonBase-root MuiIconButton-root MuiIconButton-colorInherit"
              tabindex="0"
              type="button"
            >
              <span
                class="MuiIconButton-label"
              >
                <svg
                  aria-hidden="true"
                  class="MuiSvgIcon-root"
                  focusable="false"
                  viewBox="0 0 24 24"
                >
                  <path
                    d="M12 8c1.1 0 2-.9 2-2s-.9-2-2-2-2 .9-2 2 .9 2 2 2zm0 2c-1.1 0-2 .9-2 2s.9 2 2 2 2-.9 2-2-.9-2-2-2zm0 6c-1.1 0-2 .9-2 2s.9 2 2 2 2-.9 2-2-.9-2-2-2z"
                  />
                </svg>
              </span>
              <span
                class="MuiTouchRipple-root"
              />
            </button>
          </div>
        </div>
        <div
          class="MuiCardMedia-root makeStyles-media-6"
          title="Contemplative Reptile"
        />
        <div
          class="MuiCardContent-root"
        >
          <div
            class="makeStyles-description-9"
          >
            <p
              class="MuiTypography-root MuiTypography-body2"
            >
              some text7
            </p>
          </div>
          <p
            class="MuiTypography-root MuiTypography-body2"
          >
            Genres: 
            Documentary
          </p>
          <p
            class="MuiTypography-root MuiTypography-body2"
          >
            Release date: 
            2021-01-07
          </p>
          <p
            class="MuiTypography-root MuiTypography-body2"
          >
            Avg vote: 
          </p>
          <p
            class="MuiTypography-root MuiTypography-body2"
          >
            Budget: 
          </p>
        </div>
      </div>
    </div>
    <div
      class="MuiGrid-root MuiGrid-item MuiGrid-grid-xs-3"
    >
      <div
        class="MuiPaper-root MuiCard-root makeStyles-card-1 MuiPaper-elevation1 MuiPaper-rounded"
      >
        <div
          class="MuiCardHeader-root"
        >
          <div
            class="MuiCardHeader-content"
          >
            <span
              class="MuiTypography-root MuiCardHeader-title makeStyles-cardHeaderTitle-2 MuiTypography-h5 MuiTypography-displayBlock"
            >
              some title8
            </span>
          </div>
          <div
            class="MuiCardHeader-action"
          >
            <button
              aria-haspopup="true"
              aria-label="settings"
              class="MuiButtonBase-root MuiIconButton-root MuiIconButton-colorInherit"
              tabindex="0"
              type="button"
            >
              <span
                class="MuiIconButton-label"
              >
                <svg
                  aria-hidden="true"
                  class="MuiSvgIcon-root"
                  focusable="false"
                  viewBox="0 0 24 24"
                >
                  <path
                    d="M12 8c1.1 0 2-.9 2-2s-.9-2-2-2-2 .9-2 2 .9 2 2 2zm0 2c-1.1 0-2 .9-2 2s.9 2 2 2 2-.9 2-2-.9-2-2-2zm0 6c-1.1 0-2 .9-2 2s.9 2 2 2 2-.9 2-2-.9-2-2-2z"
                  />
                </svg>
              </span>
              <span
                class="MuiTouchRipple-root"
              />
            </button>
          </div>
        </div>
        <div
          class="MuiCardMedia-root makeStyles-media-6"
          title="Contemplative Reptile"
        />
        <div
          class="MuiCardContent-root"
        >
          <div
            class="makeStyles-description-9"
          >
            <p
              class="MuiTypography-root MuiTypography-body2"
            >
              some text8
            </p>
          </div>
          <p
            class="MuiTypography-root MuiTypography-body2"
          >
            Genres: 
            Documentary
          </p>
          <p
            class="MuiTypography-root MuiTypography-body2"
          >
            Release date: 
            2021-01-08
          </p>
          <p
            class="MuiTypography-root MuiTypography-body2"
          >
            Avg vote: 
          </p>
          <p
            class="MuiTypography-root MuiTypography-body2"
          >
            Budget: 
          </p>
        </div>
      </div>
    </div>
  </div>
</div>
`;
