// Jest Snapshot v1, https://goo.gl/fbAQLP

exports[`Modal wrapper renders correctly 1`] = `null`;
