// Jest Snapshot v1, https://goo.gl/fbAQLP

exports[`Movie pagination should renders correctly 1`] = `
<div
  id="manage-panel"
>
  dummy manage panel
</div>
`;
